// Jest Snapshot v1, https://goo.gl/fbAQLP

exports[`Profile Picture Component renders correctly 1`] = `
<View
  accessible={true}
  focusable={true}
  onClick={[Function]}
  onResponderGrant={[Function]}
  onResponderMove={[Function]}
  onResponderRelease={[Function]}
  onResponderTerminate={[Function]}
  onResponderTerminationRequest={[Function]}
  onStartShouldSetResponder={[Function]}
  style={
    Object {
      "height": 70,
      "marginHorizontal": 8,
      "marginVertical": 8,
      "opacity": 1,
      "padding": 0,
      "width": 70,
    }
  }
>
  <Image
    source={
      Object {
        "addMatchers": [Function],
        "advanceTimersByTime": [Function],
        "advanceTimersToNextTimer": [Function],
        "autoMockOff": [Function],
        "autoMockOn": [Function],
        "clearAllMocks": [Function],
        "clearAllTimers": [Function],
        "deepUnmock": [Function],
        "disableAutomock": [Function],
        "doMock": [Function],
        "dontMock": [Function],
        "enableAutomock": [Function],
        "fn": [Function],
        "genMockFromModule": [Function],
        "getTimerCount": [Function],
        "isMockFunction": [Function],
        "isolateModules": [Function],
        "mock": [Function],
        "requireActual": [Function],
        "requireMock": [Function],
        "resetAllMocks": [Function],
        "resetModuleRegistry": [Function],
        "resetModules": [Function],
        "restoreAllMocks": [Function],
        "retryTimes": [Function],
        "runAllImmediates": [Function],
        "runAllTicks": [Function],
        "runAllTimers": [Function],
        "runOnlyPendingTimers": [Function],
        "runTimersToTime": [Function],
        "setMock": [Function],
        "setTimeout": [Function],
        "spyOn": [Function],
        "unmock": [Function],
        "useFakeTimers": [Function],
        "useRealTimers": [Function],
      }
    }
  />
</View>
`;
