// Jest Snapshot v1, https://goo.gl/fbAQLP

exports[`renders correctly 1`] = `
<View
  accessible={true}
  focusable={false}
  onClick={[Function]}
  onResponderGrant={[Function]}
  onResponderMove={[Function]}
  onResponderRelease={[Function]}
  onResponderTerminate={[Function]}
  onResponderTerminationRequest={[Function]}
  onStartShouldSetResponder={[Function]}
  style={
    Object {
      "height": 580,
      "marginHorizontal": 0,
      "marginVertical": 0,
      "opacity": 1,
      "paddingLeft": 20,
      "paddingRight": 20,
    }
  }
>
  <View
    style={
      Object {
        "fontSize": 25,
        "fontWeight": "300",
        "textAlign": "center",
      }
    }
  >
    <Text
      style={
        Object {
          "fontSize": 25,
          "fontWeight": "300",
          "textAlign": "center",
        }
      }
    >
      <Text
        style={
          Object {
            "fontWeight": "bold",
          }
        }
      >
        Christopher
      </Text>
       Hockley
    </Text>
  </View>
  <Text
    style={
      Object {
        "color": "#808080",
        "fontSize": 14,
        "textAlign": "center",
      }
    }
  >
    Developer
  </Text>
  <Text
    style={
      Object {
        "fontSize": 14,
        "fontWeight": "bold",
        "paddingTop": 20,
      }
    }
  >
    About me
  </Text>
  <Text
    style={
      Object {
        "color": "#808080",
        "fontSize": 14,
        "fontWeight": "300",
      }
    }
  >
    Lorem ipsum dolor sit amet, consectetur adipiscing elit, sed do eiusmod tempor incididunt ut labore et dolore magna aliqua. Ut enim ad minim veniam, quis nostrud exercitation ullamco laboris nisi ut aliquip ex ea commodo consequat. Duis aute irure dolor in reprehenderit in voluptate velit esse cillum dolore eu fugiat nulla pariatur. Excepteur sint occaecat cupidatat non proident, sunt in culpa qui officia deserunt mollit anim id est laborum.
  </Text>
</View>
`;
