// Jest Snapshot v1, https://goo.gl/fbAQLP

exports[`Profile Picture Component renders correctly 1`] = `
<RCTSafeAreaView
  emulateUnlessSupported={true}
  style={
    Object {
      "backgroundColor": "#fff",
      "flex": 1,
      "marginTop": 0,
    }
  }
>
  <View
    style={
      Object {
        "alignItems": "center",
        "justifyContent": "center",
      }
    }
  >
    <View
      accessible={true}
      focusable={false}
      onClick={[Function]}
      onResponderGrant={[Function]}
      onResponderMove={[Function]}
      onResponderRelease={[Function]}
      onResponderTerminate={[Function]}
      onResponderTerminationRequest={[Function]}
      onStartShouldSetResponder={[Function]}
      style={
        Object {
          "height": 70,
          "marginHorizontal": 8,
          "marginVertical": 8,
          "opacity": 1,
          "padding": 0,
          "width": 70,
        }
      }
    >
      <Image
        source={
          Object {
            "addMatchers": [Function],
            "advanceTimersByTime": [Function],
            "advanceTimersToNextTimer": [Function],
            "autoMockOff": [Function],
            "autoMockOn": [Function],
            "clearAllMocks": [Function],
            "clearAllTimers": [Function],
            "deepUnmock": [Function],
            "disableAutomock": [Function],
            "doMock": [Function],
            "dontMock": [Function],
            "enableAutomock": [Function],
            "fn": [Function],
            "genMockFromModule": [Function],
            "getTimerCount": [Function],
            "isMockFunction": [Function],
            "isolateModules": [Function],
            "mock": [Function],
            "requireActual": [Function],
            "requireMock": [Function],
            "resetAllMocks": [Function],
            "resetModuleRegistry": [Function],
            "resetModules": [Function],
            "restoreAllMocks": [Function],
            "retryTimes": [Function],
            "runAllImmediates": [Function],
            "runAllTicks": [Function],
            "runAllTimers": [Function],
            "runOnlyPendingTimers": [Function],
            "runTimersToTime": [Function],
            "setMock": [Function],
            "setTimeout": [Function],
            "spyOn": [Function],
            "unmock": [Function],
            "useFakeTimers": [Function],
            "useRealTimers": [Function],
          }
        }
      />
    </View>
  </View>
  <View
    style={
      Array [
        Object {
          "marginHorizontal": 0,
          "marginVertical": 0,
          "paddingLeft": 20,
          "paddingRight": 20,
        },
        undefined,
      ]
    }
  >
    <Text
      style={
        Object {
          "color": "#808080",
          "fontSize": 14,
          "textAlign": "center",
        }
      }
    >
      Developer
    </Text>
    <Text
      style={
        Object {
          "fontSize": 14,
          "fontWeight": "bold",
          "paddingTop": 20,
        }
      }
    >
      About me
    </Text>
    <Text
      style={
        Object {
          "color": "#808080",
          "fontSize": 14,
          "fontWeight": "300",
        }
      }
    >
      Lorem ipsum dolor sit amet, consectetur adipiscing elit, sed do eiusmod tempor incididunt ut labore et dolore magna aliqua. Ut enim ad minim veniam, quis nostrud exercitation ullamco laboris nisi ut aliquip ex ea commodo consequat. Duis aute irure dolor in reprehenderit in voluptate velit esse cillum dolore eu fugiat nulla pariatur. Excepteur sint occaecat cupidatat non proident, sunt in culpa qui officia deserunt mollit anim id est laborum.
    </Text>
  </View>
</RCTSafeAreaView>
`;
